eï¿½ï¿½j%ï¿½(40) boot.eï¿½ets Jul 29 2019 12:21:46

rst:0x1 (POWERON_RESET),boot:0x13 (SPI_FAST_FLASH_BOOT)
configsip: 0, SPIWP:0xee
clk_drv:0x00,q_drv:0x00,d_drv:0x00,cs0_drv:0x00,hd_drv:0x00,wp_drv:0x00
mode:DIO, clock div:2
load:0x3fff0030,len:7176
load:0x40078000,len:15564
ho 0 tail 12 room 4
load:0x40080400,len:4
load:0x40080404,len:3904
entry 0x40080640
[0;32mI (31) boot: ESP-IDF v5.3-dirty 2nd stage bootloader[0m
[0;32mI (31) boot: compile time Aug 13 2024 11:30:05[0m
[0;32mI (31) boot: Multicore bootloader[0m
[0;32mI (36) boot: chip revision: v3.0[0m
[0;32mI (40) boot.esp32: SPI Speed      : 40MHz[0m
[0;32mI (44) boot.esp32: SPI Mode       : DIO[0m
[0;32mI (49) boot.esp32: SPI Flash Size : 2MB[0m
[0;32mI (53) boot: Enabling RNG early entropy source...[0m
[0;32mI (59) boot: Partition Table:[0m
[0;32mI (62) boot: ## Label            Usage          Type ST Offset   Length[0m
[0;32mI (70) boot:  0 nvs              WiFi data        01 02 00009000 00006000[0m
[0;32mI (77) boot:  1 phy_init         RF data          01 01 0000f000 00001000[0m
[0;32mI (84) boot:  2 factory          factory app      00 00 00010000 00100000[0m
[0;32mI (92) boot: End of partition table[0m
[0;32mI (96) esp_image: segment 0: paddr=00010020 vaddr=3f400020 size=09ae0h ( 39648) map[0m
[0;32mI (118) esp_image: segment 1: paddr=00019b08 vaddr=3ffb0000 size=0230ch (  8972) load[0m
[0;32mI (122) esp_image: segment 2: paddr=0001be1c vaddr=40080000 size=041fch ( 16892) load[0m
[0;32mI (131) esp_image: segment 3: paddr=00020020 vaddr=400d0020 size=14478h ( 83064) map[0m
[0;32mI (161) esp_image: segment 4: paddr=000344a0 vaddr=400841fc size=08824h ( 34852) load[0m
[0;32mI (181) boot: Loaded app from partition at offset 0x10000[0m
[0;32mI (181) boot: Disabling RNG early entropy source...[0m
[0;32mI (193) cpu_start: Multicore app[0m
[0;32mI (202) cpu_start: Pro cpu start user code[0m
[0;32mI (202) cpu_start: cpu freq: 160000000 Hz[0m
[0;32mI (202) app_init: Application information:[0m
[0;32mI (205) app_init: Project name:     sen0564_demo[0m
[0;32mI (210) app_init: App version:      1[0m
[0;32mI (214) app_init: Compile time:     Aug 13 2024 11:29:47[0m
[0;32mI (220) app_init: ELF file SHA256:  ca194e90c...[0m
[0;32mI (226) app_init: ESP-IDF:          v5.3-dirty[0m
[0;32mI (231) efuse_init: Min chip rev:     v0.0[0m
[0;32mI (235) efuse_init: Max chip rev:     v3.99 [0m
[0;32mI (240) efuse_init: Chip rev:         v3.0[0m
[0;32mI (245) heap_init: Initializing. RAM available for dynamic allocation:[0m
[0;32mI (253) heap_init: At 3FFAE6E0 len 00001920 (6 KiB): DRAM[0m
[0;32mI (258) heap_init: At 3FFB2BD8 len 0002D428 (181 KiB): DRAM[0m
[0;32mI (265) heap_init: At 3FFE0440 len 00003AE0 (14 KiB): D/IRAM[0m
[0;32mI (271) heap_init: At 3FFE4350 len 0001BCB0 (111 KiB): D/IRAM[0m
[0;32mI (278) heap_init: At 4008CA20 len 000135E0 (77 KiB): IRAM[0m
[0;32mI (285) spi_flash: detected chip: generic[0m
[0;32mI (288) spi_flash: flash io: dio[0m
[0;33mW (292) spi_flash: Detected size(4096k) larger than the size in the binary image header(2048k). Using the size in the binary image header.[0m
[0;33mW (305) ADC: legacy driver is deprecated, please migrate to `esp_adc/adc_oneshot.h`[0m
[0;32mI (314) main_task: Started on CPU0[0m
[0;32mI (324) main_task: Calling app_main()[0m
ADC1 Channel 0 (VS) Raw Value: 4095, Voltage: 3.30 V
ADC1 Channel 1 (VO) Raw Value: 237, Voltage: 0.19 V
ADC1 Channel 0 (VS) Raw Value: 4095, Voltage: 3.30 V
ADC1 Channel 1 (VO) Raw Value: 199, Voltage: 0.16 V
ADC1 Channel 0 (VS) Raw Value: 4095, Voltage: 3.30 V
ADC1 Channel 1 (VO) Raw Value: 199, Voltage: 0.16 V
ADC1 Channel 0 (VS) Raw Value: 4095, Voltage: 3.30 V
ADC1 Channel 1 (VO) Raw Value: 198, Voltage: 0.16 V
ADC1 Channel 0 (VS) Raw Value: 4095, Voltage: 3.30 V
ADC1 Channel 1 (VO) Raw Value: 229, Voltage: 0.18 V
ADC1 Channel 0 (VS) Raw Value: 4095, Voltage: 3.30 V
ADC1 Channel 1 (VO) Raw Value: 208, Voltage: 0.17 V
ADC1 Channel 0 (VS) Raw Value: 4095, Voltage: 3.30 V
ADC1 Channel 1 (VO) Raw Value: 191, Voltage: 0.15 V
ADC1 Channel 0 (VS) Raw Value: 4095, Voltage: 3.30 V
ADC1 Channel 1 (VO) Raw Value: 199, Voltage: 0.16 V
ADC1 Channel 0 (VS) Raw Value: 4095, Voltage: 3.30 V
ADC1 Channel 1 (VO) Raw Value: 182, Voltage: 0.15 V
ADC1 Channel 0 (VS) Raw Value: 4095, Voltage: 3.30 V
ADC1 Channel 1 (VO) Raw Value: 222, Voltage: 0.18 V
ADC1 Channel 0 (VS) Raw Value: 4095, Voltage: 3.30 V
ADC1 Channel 1 (VO) Raw Value: 266, Voltage: 0.21 V
ADC1 Channel 0 (VS) Raw Value: 4095, Voltage: 3.30 V
ADC1 Channel 1 (VO) Raw Value: 271, Voltage: 0.22 V
ADC1 Channel 0 (VS) Raw Value: 4095, Voltage: 3.30 V
ADC1 Channel 1 (VO) Raw Value: 277, Voltage: 0.22 V
ADC1 Channel 0 (VS) Raw Value: 4095, Voltage: 3.30 V
ADC1 Channel 1 (VO) Raw Value: 247, Voltage: 0.20 V
ADC1 Channel 0 (VS) Raw Value: 4095, Voltage: 3.30 V
ADC1 Channel 1 (VO) Raw Value: 174, Voltage: 0.14 V
ADC1 Channel 0 (VS) Raw Value: 4095, Voltage: 3.30 V
ADC1 Channel 1 (VO) Raw Value: 221, Voltage: 0.18 V
ADC1 Channel 0 (VS) Raw Value: 4095, Voltage: 3.30 V
ADC1 Channel 1 (VO) Raw Value: 198, Voltage: 0.16 V
ADC1 Channel 0 (VS) Raw Value: 4095, Voltage: 3.30 V
ADC1 Channel 1 (VO) Raw Value: 171, Voltage: 0.14 V
ADC1 Channel 0 (VS) Raw Value: 4095, Voltage: 3.30 V
ADC1 Channel 1 (VO) Raw Value: 326, Voltage: 0.26 V
ADC1 Channel 0 (VS) Raw Value: 4095, Voltage: 3.30 V
ADC1 Channel 1 (VO) Raw Value: 499, Voltage: 0.40 V
ADC1 Channel 0 (VS) Raw Value: 4095, Voltage: 3.30 V
ADC1 Channel 1 (VO) Raw Value: 365, Voltage: 0.29 V
ADC1 Channel 0 (VS) Raw Value: 4095, Voltage: 3.30 V
ADC1 Channel 1 (VO) Raw Value: 304, Voltage: 0.24 V
ADC1 Channel 0 (VS) Raw Value: 4095, Voltage: 3.30 V
ADC1 Channel 1 (VO) Raw Value: 1232, Voltage: 0.99 V
ADC1 Channel 0 (VS) Raw Value: 4095, Voltage: 3.30 V
ADC1 Channel 1 (VO) Raw Value: 0, Voltage: 0.00 V
ADC1 Channel 0 (VS) Raw Value: 4095, Voltage: 3.30 V
ADC1 Channel 1 (VO) Raw Value: 922, Voltage: 0.74 V
ADC1 Channel 0 (VS) Raw Value: 4095, Voltage: 3.30 V
ADC1 Channel 1 (VO) Raw Value: 235, Voltage: 0.19 V
ADC1 Channel 0 (VS) Raw Value: 4095, Voltage: 3.30 V
ADC1 Channel 1 (VO) Raw Value: 192, Voltage: 0.15 V
ADC1 Channel 0 (VS) Raw Value: 4095, Voltage: 3.30 V
ADC1 Channel 1 (VO) Raw Value: 150, Voltage: 0.12 V
ADC1 Channel 0 (VS) Raw Value: 4095, Voltage: 3.30 V
ADC1 Channel 1 (VO) Raw Value: 157, Voltage: 0.13 V
ADC1 Channel 0 (VS) Raw Value: 4095, Voltage: 3.30 V
ADC1 Channel 1 (VO) Raw Value: 146, Voltage: 0.12 V
ADC1 Channel 0 (VS) Raw Value: 4095, Voltage: 3.30 V
ADC1 Channel 1 (VO) Raw Value: 155, Voltage: 0.12 V
ADC1 Channel 0 (VS) Raw Value: 4095, Voltage: 3.30 V
ADC1 Channel 1 (VO) Raw Value: 126, Voltage: 0.10 V
ADC1 Channel 0 (VS) Raw Value: 4095, Voltage: 3.30 V
ADC1 Channel 1 (VO) Raw Value: 306, Voltage: 0.25 V
ADC1 Channel 0 (VS) Raw Value: 4095, Voltage: 3.30 V
ADC1 Channel 1 (VO) Raw Value: 143, Voltage: 0.12 V
ADC1 Channel 0 (VS) Raw Value: 4095, Voltage: 3.30 V
ADC1 Channel 1 (VO) Raw Value: 133, Voltage: 0.11 V
ADC1 Channel 0 (VS) Raw Value: 4095, Voltage: 3.30 V
ADC1 Channel 1 (VO) Raw Value: 123, Voltage: 0.10 V
ADC1 Channel 0 (VS) Raw Value: 4095, Voltage: 3.30 V
ADC1 Channel 1 (VO) Raw Value: 118, Voltage: 0.10 V
ADC1 Channel 0 (VS) Raw Value: 4095, Voltage: 3.30 V
ADC1 Channel 1 (VO) Raw Value: 144, Voltage: 0.12 V
ADC1 Channel 0 (VS) Raw Value: 4095, Voltage: 3.30 V
ADC1 Channel 1 (VO) Raw Value: 147, Voltage: 0.12 V
ADC1 Channel 0 (VS) Raw Value: 4095, Voltage: 3.30 V
ADC1 Channel 1 (VO) Raw Value: 143, Voltage: 0.12 V
ADC1 Channel 0 (VS) Raw Value: 4095, Voltage: 3.30 V
ADC1 Channel 1 (VO) Raw Value: 118, Voltage: 0.10 V
ADC1 Channel 0 (VS) Raw Value: 4095, Voltage: 3.30 V
ADC1 Channel 1 (VO) Raw Value: 151, Voltage: 0.12 V
ADC1 Channel 0 (VS) Raw Value: 4095, Voltage: 3.30 V
ADC1 Channel 1 (VO) Raw Value: 142, Voltage: 0.11 V
ADC1 Channel 0 (VS) Raw Value: 4095, Voltage: 3.30 V
ADC1 Channel 1 (VO) Raw Value: 159, Voltage: 0.13 V
ADC1 Channel 0 (VS) Raw Value: 4095, Voltage: 3.30 V
ADC1 Channel 1 (VO) Raw Value: 122, Voltage: 0.10 V
ADC1 Channel 0 (VS) Raw Value: 4095, Voltage: 3.30 V
ADC1 Channel 1 (VO) Raw Value: 210, Voltage: 0.17 V
ADC1 Channel 0 (VS) Raw Value: 4095, Voltage: 3.30 V
ADC1 Channel 1 (VO) Raw Value: 123, Voltage: 0.10 V
ADC1 Channel 0 (VS) Raw Value: 4095, Voltage: 3.30 V
ADC1 Channel 1 (VO) Raw Value: 147, Voltage: 0.12 V
ADC1 Channel 0 (VS) Raw Value: 4095, Voltage: 3.30 V
ADC1 Channel 1 (VO) Raw Value: 194, Voltage: 0.16 V
ADC1 Channel 0 (VS) Raw Value: 4095, Voltage: 3.30 V
ADC1 Channel 1 (VO) Raw Value: 118, Voltage: 0.10 V
ADC1 Channel 0 (VS) Raw Value: 4095, Voltage: 3.30 V
ADC1 Channel 1 (VO) Raw Value: 135, Voltage: 0.11 V
ADC1 Channel 0 (VS) Raw Value: 4095, Voltage: 3.30 V
ADC1 Channel 1 (VO) Raw Value: 129, Voltage: 0.10 V
ADC1 Channel 0 (VS) Raw Value: 4095, Voltage: 3.30 V
ADC1 Channel 1 (VO) Raw Value: 153, Voltage: 0.12 V
ADC1 Channel 0 (VS) Raw Value: 4095, Voltage: 3.30 V
ADC1 Channel 1 (VO) Raw Value: 135, Voltage: 0.11 V
ADC1 Channel 0 (VS) Raw Value: 4095, Voltage: 3.30 V
ADC1 Channel 1 (VO) Raw Value: 143, Voltage: 0.12 V
ADC1 Channel 0 (VS) Raw Value: 4095, Voltage: 3.30 V
ADC1 Channel 1 (VO) Raw Value: 144, Voltage: 0.12 V
